14:30:54 **** Build of configuration Debug for project fast_interrupt ****
make all 
'Building file: ../src/fast_interrupt.c'
'Invoking: MicroBlaze gcc compiler'
mb-gcc -Wall -O0 -g3 -c -fmessage-length=0 -MT"src/fast_interrupt.o" -I../../demo1_bsp/microblaze_0/include -mlittle-endian -mcpu=v11.0 -mxl-soft-mul -Wl,--no-relax -ffunction-sections -fdata-sections -MMD -MP -MF"src/fast_interrupt.d" -MT"src/fast_interrupt.o" -o "src/fast_interrupt.o" "../src/fast_interrupt.c"
'Finished building: ../src/fast_interrupt.c'
' '
'Building file: ../src/platform.c'
'Invoking: MicroBlaze gcc compiler'
mb-gcc -Wall -O0 -g3 -c -fmessage-length=0 -MT"src/platform.o" -I../../demo1_bsp/microblaze_0/include -mlittle-endian -mcpu=v11.0 -mxl-soft-mul -Wl,--no-relax -ffunction-sections -fdata-sections -MMD -MP -MF"src/platform.d" -MT"src/platform.o" -o "src/platform.o" "../src/platform.c"
'Finished building: ../src/platform.c'
' '
'Building target: fast_interrupt.elf'
'Invoking: MicroBlaze gcc linker'
mb-gcc -Wl,-T -Wl,../src/lscript.ld -L../../demo1_bsp/microblaze_0/lib -mlittle-endian -mcpu=v11.0 -mxl-soft-mul -Wl,--no-relax -Wl,--gc-sections -o "fast_interrupt.elf"  ./src/fast_interrupt.o ./src/platform.o   -Wl,--start-group,-lxil,-lgcc,-lc,--end-group
'Finished building target: fast_interrupt.elf'
' '
'Invoking: MicroBlaze Print Size'
mb-size fast_interrupt.elf  |tee "fast_interrupt.elf.size"
   text	   data	    bss	    dec	    hex	filename
   3920	    360	   3128	   7408	   1cf0	fast_interrupt.elf
'Finished building: fast_interrupt.elf.size'
' '

14:30:56 Build Finished (took 1s.627ms)

