14:30:44 **** Build of configuration Debug for project Parallel_Lab3_pgmctr ****
make all 
'Building file: ../src/lab3_pgmctr.c'
'Invoking: MicroBlaze gcc compiler'
mb-gcc -Wall -O0 -g3 -c -fmessage-length=0 -MT"src/lab3_pgmctr.o" -I../../demo1_bsp/microblaze_0/include -mlittle-endian -mcpu=v11.0 -mxl-soft-mul -Wl,--no-relax -ffunction-sections -fdata-sections -MMD -MP -MF"src/lab3_pgmctr.d" -MT"src/lab3_pgmctr.o" -o "src/lab3_pgmctr.o" "../src/lab3_pgmctr.c"
'Finished building: ../src/lab3_pgmctr.c'
' '
'Building file: ../src/platform.c'
'Invoking: MicroBlaze gcc compiler'
mb-gcc -Wall -O0 -g3 -c -fmessage-length=0 -MT"src/platform.o" -I../../demo1_bsp/microblaze_0/include -mlittle-endian -mcpu=v11.0 -mxl-soft-mul -Wl,--no-relax -ffunction-sections -fdata-sections -MMD -MP -MF"src/platform.d" -MT"src/platform.o" -o "src/platform.o" "../src/platform.c"
'Finished building: ../src/platform.c'
' '
'Building target: Parallel_Lab3_pgmctr.elf'
'Invoking: MicroBlaze gcc linker'
mb-gcc -Wl,-T -Wl,../src/lscript.ld -L../../demo1_bsp/microblaze_0/lib -mlittle-endian -mcpu=v11.0 -mxl-soft-mul -Wl,--no-relax -Wl,--gc-sections -o "Parallel_Lab3_pgmctr.elf"  ./src/lab3_pgmctr.o ./src/platform.o   -Wl,--start-group,-lxil,-lgcc,-lc,--end-group
'Finished building target: Parallel_Lab3_pgmctr.elf'
' '
'Invoking: MicroBlaze Print Size'
mb-size Parallel_Lab3_pgmctr.elf  |tee "Parallel_Lab3_pgmctr.elf.size"
   text	   data	    bss	    dec	    hex	filename
   4244	    360	   3108	   7712	   1e20	Parallel_Lab3_pgmctr.elf
'Finished building: Parallel_Lab3_pgmctr.elf.size'
' '

14:30:46 Build Finished (took 1s.616ms)

